(anon):setopt:7: can't change option: monitor

[[31mERROR[39m]: gitstatus failed to initialize.


  Add the following parameter to ~/.zshrc for extra diagnostics on error:

    GITSTATUS_LOG_LEVEL=DEBUG

  Restart Zsh to retry gitstatus initialization:

    [32mexec zsh[39m
segments to translate=434 batches=73
  1-7..2-3 ok
  2-4..3-1 ok
  3-2..3-7 ok
  3-8..4-3 ok
  4-4..4-9 ok
  4-10..5-4 ok
  5-5..6-3 ok
  6-4..6-9 ok
  6-10..6-15 ok
  6-16..6-21 ok
  6-22..6-27 ok
  6-28..6-33 ok
  6-34..6-39 ok
  6-40..6-45 ok
  6-46..7-0 ok
  7-1..7-6 ok
  7-7..7-12 ok
  7-13..7-18 ok
  7-19..7-24 ok
  7-25..7-30 ok
  7-31..7-36 ok
  7-37..7-42 ok
  7-43..7-48 ok
  7-49..7-54 ok
  7-55..7-60 ok
  7-61..7-66 ok
  7-67..7-72 ok
  7-73..7-78 ok
  7-79..8-2 ok
  8-3..8-8 ok
  8-9..8-14 ok
  8-15..8-20 ok
  8-21..8-26 ok
  8-27..8-32 ok
  8-33..8-38 ok
  8-39..8-44 ok
  8-45..8-50 ok
  8-51..8-56 ok
  8-57..8-62 ok
  8-63..8-68 ok  still missing terms in ['8-65']
  8-69..8-74 ok
  8-75..8-80 ok
  8-81..8-86 ok
  8-87..8-92 ok
  8-93..8-98 ok  still missing terms in ['8-98']
  8-99..8-104 ok
  8-105..8-110 ok
  8-111..8-116 ok
  8-117..9-3 ok
  9-4..9-9 ok
  9-10..9-15 ok
  9-16..9-21 ok
  9-22..10-1 ok
  10-2..10-7 ok
  10-8..10-13 ok
  10-14..10-19 ok
  10-20..10-25 ok
  10-26..10-31 ok
  10-32..10-37 ok
  10-38..10-43 ok
  10-44..10-49 ok
  10-50..10-55 ok
  10-56..10-61 ok
  10-62..11-2 ok
  11-3..11-8 ok
  11-9..11-14 ok
  11-15..12-2 ok
  12-3..12-8 ok
  12-9..12-14 ok
  12-15..12-20 ok
  12-21..12-26 ok
  12-27..13-4 ok
  13-5..13-6 ok
rendered 446/446 blocks; segments still missing a locked term: 2
